
Server arguments:
  --memory-size 1073741824
  --shared-postfix b7b6507e70630c17e930e3da1822022f
  --working-directory Library/DataStore
  --silent-console
  --shutdown-grace 0
  --client-process-check 0
  --uds-log-file /home/jack/Documents/UnityProjects/Apple-Picker/Logs/UDS-Service.log
  --debug-log 2

Initialising UDS system complete:
  - System type: Service
  - Resource namespace: b7b6507e70630c17e930e3da1822022f
  - Shared memory size: 1073741824
  - Command buffer id: 1052624
  - Command buffer size: 8192
  - Hashmap size: 4194304
Starting Unity Data Store Application
[Error] Cleaning UDS resources due to detecting an unexpected signal: SIGBUS
 #2 print_call_stack(int)
 #3 crash_handler(int)
 #4 ???
 #5 uds_hashmap_remove_stale_keys(uds_hashmap_t*, long, std::vector<upool_reference, std::allocator<upool_reference> >&, unsigned long)
 #6 uds_evict_stale_entries(uds_system_t*, long, unsigned long*, unsigned long)
 #7 GarbageCollector::Collect(uds_system_t*, long)
 #8 GarbageCollector::ThreadFunction()
 #9 uds::ThreadedBase::StaticThreadWrapper(void*)
 #10 Thread::RunThreadWrapper(void*)
 #11 start_thread
 #12 __clone3

Assertion failed: "g_tracked_systems.empty()". 1 Zombie UDS systems detected during cleanup in file ./External/UnityDataStore/src/lib/udssystemtracker.cpp, line: 21, func: shutdown_zombie_systems
Shut down UDS service system complete
